// Jest Snapshot v1, https://goo.gl/fbAQLP

exports[`TodoItem component tests should render a todo item 1`] = `
<li
  class="todo-item"
  completed="0"
  id="todo-todo-1"
>
  <div
    class="todo-item-container"
  >
    <p>
      <a
        href="/todo/todo-1"
      >
        Do something
      </a>
    </p>
    <button>
      âœ“
    </button>
    <button>
      ðŸ–‰
    </button>
    <button
      id="delete-todo-1"
    >
      Ã—
    </button>
  </div>
</li>
`;
